// Jest Snapshot v1, https://goo.gl/fbAQLP

exports[`test list livres test snapshots 1`] = `
Object {
  "asFragment": [Function],
  "baseElement": <body>
    <div>
      <div
        class="adherentsTab-list"
      >
        <h1>
          Listes des adherents
        </h1>
        <div
          class="listeStyle"
        >
          <div
            class="adherent"
          >
            <div>
              <img
                alt="profile"
                class="profilepic"
                src="im1.png"
              />
              <div
                class="title"
              >
                <p>
                  Islem
                   
                  Khemiri
                </p>
              </div>
            </div>
            <div
              class="action"
            >
              <button
                class="details"
              >
                details
              </button>
              <button
                class="banni"
              >
                bannir
              </button>
            </div>
          </div>
          <div
            class="adherent"
          >
            <div>
              <img
                alt="profile"
                class="profilepic"
                src="im1.png"
              />
              <div
                class="title"
              >
                <p>
                  Emna
                   
                  Amri
                </p>
              </div>
            </div>
            <div
              class="action"
            >
              <button
                class="details"
              >
                details
              </button>
              <button
                class="banni"
              >
                bannir
              </button>
            </div>
          </div>
          <div
            class="adherent"
          >
            <div>
              <img
                alt="profile"
                class="profilepic"
                src="im1.png"
              />
              <div
                class="title"
              >
                <p>
                  Maryem
                   
                  Souyah
                </p>
              </div>
            </div>
            <div
              class="action"
            >
              <button
                class="details"
              >
                details
              </button>
              <button
                class="debanni"
              >
                débannir
              </button>
            </div>
          </div>
          <div
            class="adherent"
          >
            <div>
              <img
                alt="profile"
                class="profilepic"
                src="im1.png"
              />
              <div
                class="title"
              >
                <p>
                  Sana
                   
                  Kthiri
                </p>
              </div>
            </div>
            <div
              class="action"
            >
              <button
                class="details"
              >
                details
              </button>
              <button
                class="banni"
              >
                bannir
              </button>
            </div>
          </div>
          <div
            class="adherent"
          >
            <div>
              <img
                alt="profile"
                class="profilepic"
                src="im1.png"
              />
              <div
                class="title"
              >
                <p>
                  ines
                   
                  ben mheni
                </p>
              </div>
            </div>
            <div
              class="action"
            >
              <button
                class="details"
              >
                details
              </button>
              <button
                class="debanni"
              >
                débannir
              </button>
            </div>
          </div>
          <div
            class="adherent"
          >
            <div>
              <img
                alt="profile"
                class="profilepic"
                src="im1.png"
              />
              <div
                class="title"
              >
                <p>
                  Ahmed
                   
                  Amri
                </p>
              </div>
            </div>
            <div
              class="action"
            >
              <button
                class="details"
              >
                details
              </button>
              <button
                class="banni"
              >
                bannir
              </button>
            </div>
          </div>
        </div>
      </div>
    </div>
  </body>,
  "container": <div>
    <div
      class="adherentsTab-list"
    >
      <h1>
        Listes des adherents
      </h1>
      <div
        class="listeStyle"
      >
        <div
          class="adherent"
        >
          <div>
            <img
              alt="profile"
              class="profilepic"
              src="im1.png"
            />
            <div
              class="title"
            >
              <p>
                Islem
                 
                Khemiri
              </p>
            </div>
          </div>
          <div
            class="action"
          >
            <button
              class="details"
            >
              details
            </button>
            <button
              class="banni"
            >
              bannir
            </button>
          </div>
        </div>
        <div
          class="adherent"
        >
          <div>
            <img
              alt="profile"
              class="profilepic"
              src="im1.png"
            />
            <div
              class="title"
            >
              <p>
                Emna
                 
                Amri
              </p>
            </div>
          </div>
          <div
            class="action"
          >
            <button
              class="details"
            >
              details
            </button>
            <button
              class="banni"
            >
              bannir
            </button>
          </div>
        </div>
        <div
          class="adherent"
        >
          <div>
            <img
              alt="profile"
              class="profilepic"
              src="im1.png"
            />
            <div
              class="title"
            >
              <p>
                Maryem
                 
                Souyah
              </p>
            </div>
          </div>
          <div
            class="action"
          >
            <button
              class="details"
            >
              details
            </button>
            <button
              class="debanni"
            >
              débannir
            </button>
          </div>
        </div>
        <div
          class="adherent"
        >
          <div>
            <img
              alt="profile"
              class="profilepic"
              src="im1.png"
            />
            <div
              class="title"
            >
              <p>
                Sana
                 
                Kthiri
              </p>
            </div>
          </div>
          <div
            class="action"
          >
            <button
              class="details"
            >
              details
            </button>
            <button
              class="banni"
            >
              bannir
            </button>
          </div>
        </div>
        <div
          class="adherent"
        >
          <div>
            <img
              alt="profile"
              class="profilepic"
              src="im1.png"
            />
            <div
              class="title"
            >
              <p>
                ines
                 
                ben mheni
              </p>
            </div>
          </div>
          <div
            class="action"
          >
            <button
              class="details"
            >
              details
            </button>
            <button
              class="debanni"
            >
              débannir
            </button>
          </div>
        </div>
        <div
          class="adherent"
        >
          <div>
            <img
              alt="profile"
              class="profilepic"
              src="im1.png"
            />
            <div
              class="title"
            >
              <p>
                Ahmed
                 
                Amri
              </p>
            </div>
          </div>
          <div
            class="action"
          >
            <button
              class="details"
            >
              details
            </button>
            <button
              class="banni"
            >
              bannir
            </button>
          </div>
        </div>
      </div>
    </div>
  </div>,
  "debug": [Function],
  "findAllByAltText": [Function],
  "findAllByDisplayValue": [Function],
  "findAllByLabelText": [Function],
  "findAllByPlaceholderText": [Function],
  "findAllByRole": [Function],
  "findAllByTestId": [Function],
  "findAllByText": [Function],
  "findAllByTitle": [Function],
  "findByAltText": [Function],
  "findByDisplayValue": [Function],
  "findByLabelText": [Function],
  "findByPlaceholderText": [Function],
  "findByRole": [Function],
  "findByTestId": [Function],
  "findByText": [Function],
  "findByTitle": [Function],
  "getAllByAltText": [Function],
  "getAllByDisplayValue": [Function],
  "getAllByLabelText": [Function],
  "getAllByPlaceholderText": [Function],
  "getAllByRole": [Function],
  "getAllByTestId": [Function],
  "getAllByText": [Function],
  "getAllByTitle": [Function],
  "getByAltText": [Function],
  "getByDisplayValue": [Function],
  "getByLabelText": [Function],
  "getByPlaceholderText": [Function],
  "getByRole": [Function],
  "getByTestId": [Function],
  "getByText": [Function],
  "getByTitle": [Function],
  "queryAllByAltText": [Function],
  "queryAllByDisplayValue": [Function],
  "queryAllByLabelText": [Function],
  "queryAllByPlaceholderText": [Function],
  "queryAllByRole": [Function],
  "queryAllByTestId": [Function],
  "queryAllByText": [Function],
  "queryAllByTitle": [Function],
  "queryByAltText": [Function],
  "queryByDisplayValue": [Function],
  "queryByLabelText": [Function],
  "queryByPlaceholderText": [Function],
  "queryByRole": [Function],
  "queryByTestId": [Function],
  "queryByText": [Function],
  "queryByTitle": [Function],
  "rerender": [Function],
  "unmount": [Function],
}
`;
