// Jest Snapshot v1, https://goo.gl/fbAQLP

exports[`test list livres  1`] = `
Object {
  "asFragment": [Function],
  "baseElement": <body>
    <div>
      <center>
         
        <div
          class="adherentsTab-list"
        >
          <h1>
            Listes des livres
          </h1>
          <div
            class="listeStyle"
          >
            <td
              class="MuiTableCell-root"
            >
              Le Grand Meaulnes
            </td>
            <td
              class="MuiTableCell-root"
            >
              Victor Hugo
            </td>
            <td
              class="MuiTableCell-root"
            >
              <div>
                <button
                  class="emprunter"
                >
                  Emprunter
                </button>
                <button
                  class="details"
                >
                  Details
                </button>
              </div>
            </td>
            <td
              class="MuiTableCell-root"
            >
              Le Rouge et le Noir
            </td>
            <td
              class="MuiTableCell-root"
            >
              Victor Del Litto 
            </td>
            <td
              class="MuiTableCell-root"
            >
              <div>
                <button
                  class="emprunter"
                >
                  Emprunter
                </button>
                <button
                  class="details"
                >
                  Details
                </button>
              </div>
            </td>
            <td
              class="MuiTableCell-root"
            >
              Le Petit Prince
            </td>
            <td
              class="MuiTableCell-root"
            >
              Antoine de Saint-Exupéry
            </td>
            <td
              class="MuiTableCell-root"
            >
              <div>
                <button
                  class="emprunter"
                >
                  Emprunter
                </button>
                <button
                  class="details"
                >
                  Details
                </button>
              </div>
            </td>
            <td
              class="MuiTableCell-root"
            >
              Lettres de mon moulin
            </td>
            <td
              class="MuiTableCell-root"
            >
              Alphonse Daudet
            </td>
            <td
              class="MuiTableCell-root"
            >
              <div>
                <button
                  class="emprunter"
                >
                  Emprunter
                </button>
                <button
                  class="details"
                >
                  Details
                </button>
              </div>
            </td>
            <td
              class="MuiTableCell-root"
            >
              La Mère
            </td>
            <td
              class="MuiTableCell-root"
            >
              Pearl Buck
            </td>
            <td
              class="MuiTableCell-root"
            >
              <div>
                <button
                  class="emprunter"
                >
                  Emprunter
                </button>
                <button
                  class="details"
                >
                  Details
                </button>
              </div>
            </td>
            <td
              class="MuiTableCell-root"
            >
              Les Fourmis
            </td>
            <td
              class="MuiTableCell-root"
            >
              Bernard Werber
            </td>
            <td
              class="MuiTableCell-root"
            >
              <div>
                <button
                  class="emprunter"
                >
                  Emprunter
                </button>
                <button
                  class="details"
                >
                  Details
                </button>
              </div>
            </td>
            <td
              class="MuiTableCell-root"
            >
              Si c'est un homme
            </td>
            <td
              class="MuiTableCell-root"
            >
              Primo Levi
            </td>
            <td
              class="MuiTableCell-root"
            >
              <div>
                <button
                  class="emprunter"
                >
                  Emprunter
                </button>
                <button
                  class="details"
                >
                  Details
                </button>
              </div>
            </td>
          </div>
        </div>
      </center>
    </div>
  </body>,
  "container": <div>
    <center>
       
      <div
        class="adherentsTab-list"
      >
        <h1>
          Listes des livres
        </h1>
        <div
          class="listeStyle"
        >
          <td
            class="MuiTableCell-root"
          >
            Le Grand Meaulnes
          </td>
          <td
            class="MuiTableCell-root"
          >
            Victor Hugo
          </td>
          <td
            class="MuiTableCell-root"
          >
            <div>
              <button
                class="emprunter"
              >
                Emprunter
              </button>
              <button
                class="details"
              >
                Details
              </button>
            </div>
          </td>
          <td
            class="MuiTableCell-root"
          >
            Le Rouge et le Noir
          </td>
          <td
            class="MuiTableCell-root"
          >
            Victor Del Litto 
          </td>
          <td
            class="MuiTableCell-root"
          >
            <div>
              <button
                class="emprunter"
              >
                Emprunter
              </button>
              <button
                class="details"
              >
                Details
              </button>
            </div>
          </td>
          <td
            class="MuiTableCell-root"
          >
            Le Petit Prince
          </td>
          <td
            class="MuiTableCell-root"
          >
            Antoine de Saint-Exupéry
          </td>
          <td
            class="MuiTableCell-root"
          >
            <div>
              <button
                class="emprunter"
              >
                Emprunter
              </button>
              <button
                class="details"
              >
                Details
              </button>
            </div>
          </td>
          <td
            class="MuiTableCell-root"
          >
            Lettres de mon moulin
          </td>
          <td
            class="MuiTableCell-root"
          >
            Alphonse Daudet
          </td>
          <td
            class="MuiTableCell-root"
          >
            <div>
              <button
                class="emprunter"
              >
                Emprunter
              </button>
              <button
                class="details"
              >
                Details
              </button>
            </div>
          </td>
          <td
            class="MuiTableCell-root"
          >
            La Mère
          </td>
          <td
            class="MuiTableCell-root"
          >
            Pearl Buck
          </td>
          <td
            class="MuiTableCell-root"
          >
            <div>
              <button
                class="emprunter"
              >
                Emprunter
              </button>
              <button
                class="details"
              >
                Details
              </button>
            </div>
          </td>
          <td
            class="MuiTableCell-root"
          >
            Les Fourmis
          </td>
          <td
            class="MuiTableCell-root"
          >
            Bernard Werber
          </td>
          <td
            class="MuiTableCell-root"
          >
            <div>
              <button
                class="emprunter"
              >
                Emprunter
              </button>
              <button
                class="details"
              >
                Details
              </button>
            </div>
          </td>
          <td
            class="MuiTableCell-root"
          >
            Si c'est un homme
          </td>
          <td
            class="MuiTableCell-root"
          >
            Primo Levi
          </td>
          <td
            class="MuiTableCell-root"
          >
            <div>
              <button
                class="emprunter"
              >
                Emprunter
              </button>
              <button
                class="details"
              >
                Details
              </button>
            </div>
          </td>
        </div>
      </div>
    </center>
  </div>,
  "debug": [Function],
  "findAllByAltText": [Function],
  "findAllByDisplayValue": [Function],
  "findAllByLabelText": [Function],
  "findAllByPlaceholderText": [Function],
  "findAllByRole": [Function],
  "findAllByTestId": [Function],
  "findAllByText": [Function],
  "findAllByTitle": [Function],
  "findByAltText": [Function],
  "findByDisplayValue": [Function],
  "findByLabelText": [Function],
  "findByPlaceholderText": [Function],
  "findByRole": [Function],
  "findByTestId": [Function],
  "findByText": [Function],
  "findByTitle": [Function],
  "getAllByAltText": [Function],
  "getAllByDisplayValue": [Function],
  "getAllByLabelText": [Function],
  "getAllByPlaceholderText": [Function],
  "getAllByRole": [Function],
  "getAllByTestId": [Function],
  "getAllByText": [Function],
  "getAllByTitle": [Function],
  "getByAltText": [Function],
  "getByDisplayValue": [Function],
  "getByLabelText": [Function],
  "getByPlaceholderText": [Function],
  "getByRole": [Function],
  "getByTestId": [Function],
  "getByText": [Function],
  "getByTitle": [Function],
  "queryAllByAltText": [Function],
  "queryAllByDisplayValue": [Function],
  "queryAllByLabelText": [Function],
  "queryAllByPlaceholderText": [Function],
  "queryAllByRole": [Function],
  "queryAllByTestId": [Function],
  "queryAllByText": [Function],
  "queryAllByTitle": [Function],
  "queryByAltText": [Function],
  "queryByDisplayValue": [Function],
  "queryByLabelText": [Function],
  "queryByPlaceholderText": [Function],
  "queryByRole": [Function],
  "queryByTestId": [Function],
  "queryByText": [Function],
  "queryByTitle": [Function],
  "rerender": [Function],
  "unmount": [Function],
}
`;
